{
  "options": {
    "check": {
      "duration": 30000000000,
      "verbosity": "high"
    },
    "format": {
      "disable": {
        "progression": true
      }
    },
    "model": {
      "constraints": {
        "disable": {
          "attributes": false,
          "capacities": null,
          "capacity": false,
          "distance_limit": false,
          "groups": false,
          "maximum_duration": false,
          "maximum_stops": false,
          "maximum_wait_stop": false,
          "maximum_wait_vehicle": false,
          "mixing_items": false,
          "precedence": false,
          "start_time_windows": false,
          "vehicle_end_time": false,
          "vehicle_start_time": false
        },
        "enable": {
          "cluster": false
        }
      },
      "objectives": {
        "capacities": "",
        "cluster": 0,
        "early_arrival_penalty": 1,
        "late_arrival_penalty": 1,
        "min_stops": 1,
        "travel_duration": 0,
        "unplanned_penalty": 1,
        "vehicle_activation_penalty": 1,
        "vehicles_duration": 1
      },
      "properties": {
        "disable": {
          "duration_groups": false,
          "durations": false,
          "initial_solution": false,
          "stop_duration_multipliers": false
        }
      },
      "validate": {
        "disable": {
          "resources": false,
          "start_time": false
        },
        "enable": {
          "matrix": false,
          "matrix_asymmetry_tolerance": 20
        }
      }
    },
    "solve": {
      "duration": 10000000000,
      "iterations": 0,
      "parallel_runs": 1,
      "run_deterministically": true,
      "start_solutions": 0
    }
  },
  "solutions": [
    {
      "check": {
        "duration_maximum": 30,
        "duration_used": 0.123,
        "plan_units": [
          {
            "best_move_failed": false,
            "best_move_objective": {
              "terms": [
                {
                  "base": 536.4530622299,
                  "factor": 1,
                  "name": "vehicles_duration",
                  "value": 536.4530622299
                },
                {
                  "base": -1000000,
                  "factor": 1,
                  "name": "unplanned_penalty",
                  "value": -1000000
                }
              ],
              "value": -1998927.0938755402,
              "vehicle": "v1"
            },
            "has_plannable_best_move": true,
            "planning_makes_objective_worse": false,
            "stops": [
              "Fushimi Inari Taisha"
            ],
            "vehicles_have_moves": 1,
            "vehicles_with_moves": [
              {
                "delta_objective": -999463.5469377702,
                "delta_objective_estimate": -999463.5469377701,
                "positions": [
                  {
                    "next": "v1-end",
                    "previous": "v1-start",
                    "stop": "Fushimi Inari Taisha"
                  }
                ],
                "vehicle_id": "v1",
                "was_plannable": true
              }
            ]
          },
          {
            "best_move_failed": false,
            "best_move_objective": {
              "terms": [
                {
                  "base": 529.6139038839777,
                  "factor": 1,
                  "name": "vehicles_duration",
                  "value": 529.6139038839777
                },
                {
                  "base": -1000000,
                  "factor": 1,
                  "name": "unplanned_penalty",
                  "value": -1000000
                }
              ],
              "value": -1998940.772192232,
              "vehicle": "v1"
            },
            "has_plannable_best_move": true,
            "planning_makes_objective_worse": false,
            "stops": [
              "Kiyomizu-dera"
            ],
            "vehicles_have_moves": 1,
            "vehicles_with_moves": [
              {
                "delta_objective": -999470.3860961162,
                "delta_objective_estimate": -999470.386096116,
                "positions": [
                  {
                    "next": "v1-end",
                    "previous": "v1-start",
                    "stop": "Kiyomizu-dera"
                  }
                ],
                "vehicle_id": "v1",
                "was_plannable": true
              }
            ]
          },
          {
            "best_move_failed": false,
            "best_move_objective": {
              "terms": [
                {
                  "base": 347.02081951153525,
                  "factor": 1,
                  "name": "vehicles_duration",
                  "value": 347.02081951153525
                },
                {
                  "base": -1000000,
                  "factor": 1,
                  "name": "unplanned_penalty",
                  "value": -1000000
                }
              ],
              "value": -1999305.958360977,
              "vehicle": "v1"
            },
            "has_plannable_best_move": true,
            "planning_makes_objective_worse": false,
            "stops": [
              "Nijō Castle"
            ],
            "vehicles_have_moves": 1,
            "vehicles_with_moves": [
              {
                "delta_objective": -999652.9791804887,
                "delta_objective_estimate": -999652.9791804885,
                "positions": [
                  {
                    "next": "v1-end",
                    "previous": "v1-start",
                    "stop": "Nijō Castle"
                  }
                ],
                "vehicle_id": "v1",
                "was_plannable": true
              }
            ]
          },
          {
            "best_move_failed": false,
            "best_move_objective": {
              "terms": [
                {
                  "base": 412.537144030441,
                  "factor": 1,
                  "name": "vehicles_duration",
                  "value": 412.537144030441
                },
                {
                  "base": -1000000,
                  "factor": 1,
                  "name": "unplanned_penalty",
                  "value": -1000000
                }
              ],
              "value": -1999174.925711939,
              "vehicle": "v1"
            },
            "has_plannable_best_move": true,
            "planning_makes_objective_worse": false,
            "stops": [
              "Kyoto Imperial Palace"
            ],
            "vehicles_have_moves": 1,
            "vehicles_with_moves": [
              {
                "delta_objective": -999587.4628559696,
                "delta_objective_estimate": -999587.4628559696,
                "positions": [
                  {
                    "next": "v1-end",
                    "previous": "v1-start",
                    "stop": "Kyoto Imperial Palace"
                  }
                ],
                "vehicle_id": "v1",
                "was_plannable": true
              }
            ]
          },
          {
            "best_move_failed": false,
            "best_move_objective": {
              "terms": [
                {
                  "base": 479.1702973276746,
                  "factor": 1,
                  "name": "vehicles_duration",
                  "value": 479.1702973276746
                },
                {
                  "base": -1000000,
                  "factor": 1,
                  "name": "unplanned_penalty",
                  "value": -1000000
                }
              ],
              "value": -1999041.6594053446,
              "vehicle": "v1"
            },
            "has_plannable_best_move": true,
            "planning_makes_objective_worse": false,
            "stops": [
              "Gionmachi"
            ],
            "vehicles_have_moves": 1,
            "vehicles_with_moves": [
              {
                "delta_objective": -999520.8297026725,
                "delta_objective_estimate": -999520.8297026723,
                "positions": [
                  {
                    "next": "v1-end",
                    "previous": "v1-start",
                    "stop": "Gionmachi"
                  }
                ],
                "vehicle_id": "v1",
                "was_plannable": true
              }
            ]
          },
          {
            "best_move_failed": false,
            "best_move_objective": {
              "terms": [
                {
                  "base": 287.61617185337144,
                  "factor": 1,
                  "name": "vehicles_duration",
                  "value": 287.61617185337144
                },
                {
                  "base": -1000000,
                  "factor": 1,
                  "name": "unplanned_penalty",
                  "value": -1000000
                }
              ],
              "value": -1999424.7676562932,
              "vehicle": "v1"
            },
            "has_plannable_best_move": true,
            "planning_makes_objective_worse": false,
            "stops": [
              "Kinkaku-ji"
            ],
            "vehicles_have_moves": 1,
            "vehicles_with_moves": [
              {
                "delta_objective": -999712.3838281464,
                "delta_objective_estimate": -999712.3838281466,
                "positions": [
                  {
                    "next": "v1-end",
                    "previous": "v1-start",
                    "stop": "Kinkaku-ji"
                  }
                ],
                "vehicle_id": "v1",
                "was_plannable": true
              }
            ]
          },
          {
            "best_move_failed": false,
            "best_move_objective": {
              "terms": [
                {
                  "base": 0,
                  "factor": 1,
                  "name": "vehicles_duration",
                  "value": 0
                },
                {
                  "base": -1000000,
                  "factor": 1,
                  "name": "unplanned_penalty",
                  "value": -1000000
                }
              ],
              "value": -2000000,
              "vehicle": "v1"
            },
            "has_plannable_best_move": true,
            "planning_makes_objective_worse": false,
            "stops": [
              "Arashiyama Bamboo Forest"
            ],
            "vehicles_have_moves": 1,
            "vehicles_with_moves": [
              {
                "delta_objective": -1000000,
                "delta_objective_estimate": -1000000,
                "positions": [
                  {
                    "next": "v1-end",
                    "previous": "v1-start",
                    "stop": "Arashiyama Bamboo Forest"
                  }
                ],
                "vehicle_id": "v1",
                "was_plannable": true
              }
            ]
          }
        ],
        "remark": "completed",
        "solution": {
          "objective": {
            "terms": [
              {
                "base": 0,
                "factor": 1,
                "name": "vehicles_duration",
                "value": 0
              },
              {
                "base": 7000000,
                "factor": 1,
                "name": "unplanned_penalty",
                "value": 7000000
              }
            ],
            "value": 7000000
          },
          "plan_units_planned": 0,
          "plan_units_unplanned": 7,
          "stops_planned": 0,
          "vehicles_not_used": 1,
          "vehicles_used": 0
        },
        "summary": {
          "moves_failed": 0,
          "number_of_plan_units_making_objective_worse": 0,
          "plan_units_best_move_failed": 0,
          "plan_units_best_move_found": 7,
          "plan_units_checked": 7,
          "plan_units_have_no_move": 0,
          "plan_units_to_be_checked": 7
        },
        "vehicles": [
          {
            "id": "v1",
            "plan_units_have_moves": 7
          }
        ],
        "verbosity": "high"
      },
      "objective": {
        "name": "1 * vehicles_duration + 1 * unplanned_penalty",
        "objectives": [
          {
            "factor": 1,
            "name": "vehicles_duration",
            "value": 0
          },
          {
            "base": 7000000,
            "factor": 1,
            "name": "unplanned_penalty",
            "value": 7000000
          }
        ],
        "value": 7000000
      },
      "unplanned": [
        {
          "id": "Arashiyama Bamboo Forest",
          "location": {
            "lat": 35.017209,
            "lon": 135.672009
          }
        },
        {
          "id": "Fushimi Inari Taisha",
          "location": {
            "lat": 34.967146,
            "lon": 135.772695
          }
        },
        {
          "id": "Gionmachi",
          "location": {
            "lat": 35.002457,
            "lon": 135.775682
          }
        },
        {
          "id": "Kinkaku-ji",
          "location": {
            "lat": 35.039705,
            "lon": 135.728898
          }
        },
        {
          "id": "Kiyomizu-dera",
          "location": {
            "lat": 34.994857,
            "lon": 135.78506
          }
        },
        {
          "id": "Kyoto Imperial Palace",
          "location": {
            "lat": 35.025431,
            "lon": 135.762057
          }
        },
        {
          "id": "Nijō Castle",
          "location": {
            "lat": 35.014239,
            "lon": 135.748134
          }
        }
      ],
      "vehicles": [
        {
          "id": "v1",
          "route": [
            {
              "cumulative_travel_duration": 0,
              "stop": {
                "id": "v1-start",
                "location": {
                  "lat": 35.017209,
                  "lon": 135.672009
                }
              },
              "travel_duration": 0
            }
          ],
          "route_duration": 0,
          "route_travel_duration": 0
        }
      ]
    }
  ],
  "statistics": {
    "result": {
      "custom": {
        "activated_vehicles": 0,
        "max_duration": 0,
        "max_stops_in_vehicle": 0,
        "max_travel_duration": 0,
        "min_duration": 9223372036854776000,
        "min_stops_in_vehicle": 9223372036854776000,
        "min_travel_duration": 9223372036854776000,
        "unplanned_stops": 7
      },
      "duration": 0.123,
      "value": 7000000
    },
    "run": {
      "duration": 0.123,
      "iterations": 0
    },
    "schema": "v1"
  },
  "version": {
    "sdk": "VERSION"
  }
}
