{
  "options": {
    "check": {
      "duration": 30000000000,
      "verbosity": "off"
    },
    "format": {
      "disable": {
        "progression": true
      }
    },
    "model": {
      "constraints": {
        "disable": {
          "attributes": false,
          "capacities": null,
          "capacity": false,
          "distance_limit": false,
          "groups": false,
          "maximum_duration": false,
          "maximum_stops": false,
          "maximum_wait_stop": false,
          "maximum_wait_vehicle": false,
          "mixing_items": false,
          "precedence": false,
          "start_time_windows": false,
          "vehicle_end_time": false,
          "vehicle_start_time": false
        },
        "enable": {
          "cluster": false
        }
      },
      "objectives": {
        "capacities": "",
        "cluster": 0,
        "early_arrival_penalty": 1,
        "late_arrival_penalty": 1,
        "min_stops": 1,
        "travel_duration": 0,
        "unplanned_penalty": 1,
        "vehicle_activation_penalty": 1,
        "vehicles_duration": 1
      },
      "properties": {
        "disable": {
          "duration_groups": false,
          "durations": false,
          "initial_solution": false,
          "stop_duration_multipliers": false
        }
      },
      "validate": {
        "disable": {
          "resources": false,
          "start_time": false
        },
        "enable": {
          "matrix": false,
          "matrix_asymmetry_tolerance": 20
        }
      }
    },
    "solve": {
      "duration": 10000000000,
      "iterations": 50,
      "parallel_runs": 1,
      "run_deterministically": true,
      "start_solutions": 1
    }
  },
  "solutions": [
    {
      "objective": {
        "name": "1 * vehicles_duration + 1 * unplanned_penalty + 1 * early_arrival_penalty",
        "objectives": [
          {
            "base": 1927.0009486675262,
            "factor": 1,
            "name": "vehicles_duration",
            "value": 1927.0009486675262
          },
          {
            "factor": 1,
            "name": "unplanned_penalty",
            "value": 0
          },
          {
            "base": 2753.8426129817963,
            "factor": 1,
            "name": "early_arrival_penalty",
            "value": 2753.8426129817963
          }
        ],
        "value": 4680.8435616493225
      },
      "unplanned": [],
      "vehicles": [
        {
          "id": "v1",
          "route": [
            {
              "arrival_time": "2023-01-01T12:00:00Z",
              "cumulative_travel_duration": 0,
              "early_arrival_duration": 900,
              "end_time": "2023-01-01T12:00:00Z",
              "start_time": "2023-01-01T12:00:00Z",
              "stop": {
                "id": "Kyoto Imperial Palace",
                "location": {
                  "lat": 35.025431,
                  "lon": 135.762057
                }
              },
              "target_arrival_time": "2023-01-01T12:15:00Z",
              "travel_duration": 0
            },
            {
              "arrival_time": "2023-01-01T12:05:27Z",
              "cumulative_travel_distance": 6553,
              "cumulative_travel_duration": 327,
              "end_time": "2023-01-01T12:05:27Z",
              "start_time": "2023-01-01T12:05:27Z",
              "stop": {
                "id": "Fushimi Inari Taisha",
                "location": {
                  "lat": 34.967146,
                  "lon": 135.772695
                }
              },
              "target_arrival_time": "2023-01-01T12:00:00Z",
              "travel_distance": 6553,
              "travel_duration": 327
            },
            {
              "arrival_time": "2023-01-01T12:14:24Z",
              "cumulative_travel_distance": 17282,
              "cumulative_travel_duration": 864,
              "early_arrival_duration": 936,
              "end_time": "2023-01-01T12:14:24Z",
              "start_time": "2023-01-01T12:14:24Z",
              "stop": {
                "id": "Arashiyama Bamboo Forest",
                "location": {
                  "lat": 35.017209,
                  "lon": 135.672009
                }
              },
              "target_arrival_time": "2023-01-01T12:30:00Z",
              "travel_distance": 10729,
              "travel_duration": 536
            },
            {
              "arrival_time": "2023-01-01T12:22:23Z",
              "cumulative_travel_distance": 26865,
              "cumulative_travel_duration": 1343,
              "end_time": "2023-01-01T12:22:23Z",
              "start_time": "2023-01-01T12:22:23Z",
              "stop": {
                "id": "Gionmachi",
                "location": {
                  "lat": 35.002457,
                  "lon": 135.775682
                }
              },
              "target_arrival_time": "2023-01-01T12:20:00Z",
              "travel_distance": 9583,
              "travel_duration": 479
            },
            {
              "arrival_time": "2023-01-01T12:23:23Z",
              "cumulative_travel_distance": 28066,
              "cumulative_travel_duration": 1403,
              "end_time": "2023-01-01T12:23:23Z",
              "start_time": "2023-01-01T12:23:23Z",
              "stop": {
                "id": "Kiyomizu-dera",
                "location": {
                  "lat": 34.994857,
                  "lon": 135.78506
                }
              },
              "target_arrival_time": "2023-01-01T12:05:00Z",
              "travel_distance": 1201,
              "travel_duration": 60
            },
            {
              "arrival_time": "2023-01-01T12:29:20Z",
              "cumulative_travel_distance": 35209,
              "cumulative_travel_duration": 1760,
              "end_time": "2023-01-01T12:29:20Z",
              "start_time": "2023-01-01T12:29:20Z",
              "stop": {
                "id": "Kinkaku-ji",
                "location": {
                  "lat": 35.039705,
                  "lon": 135.728898
                }
              },
              "target_arrival_time": "2023-01-01T12:25:00Z",
              "travel_distance": 7143,
              "travel_duration": 357
            },
            {
              "arrival_time": "2023-01-01T12:32:07Z",
              "cumulative_travel_distance": 38538,
              "cumulative_travel_duration": 1927,
              "end_time": "2023-01-01T12:32:07Z",
              "start_time": "2023-01-01T12:32:07Z",
              "stop": {
                "id": "Nijō Castle",
                "location": {
                  "lat": 35.014239,
                  "lon": 135.748134
                }
              },
              "target_arrival_time": "2023-01-01T12:10:00Z",
              "travel_distance": 3329,
              "travel_duration": 166
            }
          ],
          "route_duration": 1927,
          "route_travel_distance": 38538,
          "route_travel_duration": 1927
        },
        {
          "id": "v2",
          "route": [],
          "route_duration": 0,
          "route_travel_duration": 0
        }
      ]
    }
  ],
  "statistics": {
    "result": {
      "custom": {
        "activated_vehicles": 1,
        "max_duration": 1927,
        "max_stops_in_vehicle": 7,
        "max_travel_duration": 1927,
        "min_duration": 1927,
        "min_stops_in_vehicle": 7,
        "min_travel_duration": 1927,
        "unplanned_stops": 0
      },
      "duration": 0.123,
      "value": 4680.8435616493225
    },
    "run": {
      "duration": 0.123,
      "iterations": 50
    },
    "schema": "v1"
  },
  "version": {
    "sdk": "VERSION"
  }
}
