{
  "options": {
    "check": {
      "duration": 30000000000,
      "verbosity": "off"
    },
    "format": {
      "disable": {
        "progression": true
      }
    },
    "model": {
      "constraints": {
        "disable": {
          "attributes": false,
          "capacities": null,
          "capacity": false,
          "distance_limit": false,
          "groups": false,
          "maximum_duration": false,
          "maximum_stops": false,
          "maximum_wait_stop": false,
          "maximum_wait_vehicle": false,
          "mixing_items": false,
          "precedence": false,
          "start_time_windows": false,
          "vehicle_end_time": false,
          "vehicle_start_time": false
        },
        "enable": {
          "cluster": false
        }
      },
      "objectives": {
        "capacities": "",
        "cluster": 0,
        "early_arrival_penalty": 1,
        "late_arrival_penalty": 1,
        "min_stops": 1,
        "travel_duration": 0,
        "unplanned_penalty": 1,
        "vehicle_activation_penalty": 1,
        "vehicles_duration": 1
      },
      "properties": {
        "disable": {
          "duration_groups": false,
          "durations": false,
          "initial_solution": false,
          "stop_duration_multipliers": false
        }
      },
      "validate": {
        "disable": {
          "resources": false,
          "start_time": false
        },
        "enable": {
          "matrix": false,
          "matrix_asymmetry_tolerance": 20
        }
      }
    },
    "solve": {
      "duration": 10000000000,
      "iterations": 50,
      "parallel_runs": 1,
      "run_deterministically": true,
      "start_solutions": 1
    }
  },
  "solutions": [
    {
      "objective": {
        "name": "1 * vehicles_duration + 1 * unplanned_penalty",
        "objectives": [
          {
            "base": 1841.9036093736736,
            "factor": 1,
            "name": "vehicles_duration",
            "value": 1841.9036093736736
          },
          {
            "factor": 1,
            "name": "unplanned_penalty",
            "value": 0
          }
        ],
        "value": 1841.9036093736736
      },
      "unplanned": [],
      "vehicles": [
        {
          "id": "v1",
          "route": [
            {
              "cumulative_travel_duration": 0,
              "stop": {
                "id": "Fushimi Inari Taisha",
                "location": {
                  "lat": 34.967146,
                  "lon": 135.772695
                }
              },
              "travel_duration": 0
            },
            {
              "cumulative_travel_distance": 3935,
              "cumulative_travel_duration": 196,
              "stop": {
                "id": "Gionmachi",
                "location": {
                  "lat": 35.002457,
                  "lon": 135.775682
                }
              },
              "travel_distance": 3935,
              "travel_duration": 196
            },
            {
              "cumulative_travel_distance": 6765,
              "cumulative_travel_duration": 338,
              "stop": {
                "id": "Nijō Castle Copy",
                "location": {
                  "lat": 35.014239,
                  "lon": 135.748135
                }
              },
              "travel_distance": 2830,
              "travel_duration": 141
            },
            {
              "cumulative_travel_distance": 8541,
              "cumulative_travel_duration": 427,
              "stop": {
                "id": "Kyoto Imperial Palace",
                "location": {
                  "lat": 35.025431,
                  "lon": 135.762057
                }
              },
              "travel_distance": 1776,
              "travel_duration": 88
            },
            {
              "cumulative_travel_distance": 8541,
              "cumulative_travel_duration": 427,
              "stop": {
                "id": "Kyoto Imperial Palace Copy",
                "location": {
                  "lat": 35.025431,
                  "lon": 135.762058
                }
              },
              "travel_duration": 0
            },
            {
              "cumulative_travel_distance": 11951,
              "cumulative_travel_duration": 597,
              "stop": {
                "id": "Kinkaku-ji",
                "location": {
                  "lat": 35.039705,
                  "lon": 135.728898
                }
              },
              "travel_distance": 3410,
              "travel_duration": 170
            },
            {
              "cumulative_travel_distance": 11951,
              "cumulative_travel_duration": 597,
              "stop": {
                "id": "Kinkaku-ji Copy",
                "location": {
                  "lat": 35.039705,
                  "lon": 135.728899
                }
              },
              "travel_duration": 0
            },
            {
              "cumulative_travel_distance": 15280,
              "cumulative_travel_duration": 764,
              "stop": {
                "id": "Nijō Castle",
                "location": {
                  "lat": 35.014239,
                  "lon": 135.748134
                }
              },
              "travel_distance": 3329,
              "travel_duration": 166
            },
            {
              "cumulative_travel_distance": 22220,
              "cumulative_travel_duration": 1111,
              "stop": {
                "id": "Arashiyama Bamboo Forest",
                "location": {
                  "lat": 35.017209,
                  "lon": 135.672009
                }
              },
              "travel_distance": 6940,
              "travel_duration": 347
            },
            {
              "cumulative_travel_distance": 22220,
              "cumulative_travel_duration": 1111,
              "stop": {
                "id": "Arashiyama Bamboo Forest Copy",
                "location": {
                  "lat": 35.017209,
                  "lon": 135.672008
                }
              },
              "travel_duration": 0
            },
            {
              "cumulative_travel_distance": 29706,
              "cumulative_travel_duration": 1485,
              "stop": {
                "id": "Fushimi Inari Taisha Copy",
                "location": {
                  "lat": 34.967146,
                  "lon": 135.72696
                }
              },
              "travel_distance": 7486,
              "travel_duration": 374
            },
            {
              "cumulative_travel_distance": 35632,
              "cumulative_travel_duration": 1781,
              "stop": {
                "id": "Gionmachi Copy",
                "location": {
                  "lat": 35.002457,
                  "lon": 135.775683
                }
              },
              "travel_distance": 5926,
              "travel_duration": 296
            },
            {
              "cumulative_travel_distance": 36833,
              "cumulative_travel_duration": 1841,
              "stop": {
                "id": "Kiyomizu-dera",
                "location": {
                  "lat": 34.994857,
                  "lon": 135.78506
                }
              },
              "travel_distance": 1201,
              "travel_duration": 60
            }
          ],
          "route_duration": 1841,
          "route_travel_distance": 36833,
          "route_travel_duration": 1841
        }
      ]
    }
  ],
  "statistics": {
    "result": {
      "custom": {
        "activated_vehicles": 1,
        "max_duration": 1841,
        "max_stops_in_vehicle": 13,
        "max_travel_duration": 1841,
        "min_duration": 1841,
        "min_stops_in_vehicle": 13,
        "min_travel_duration": 1841,
        "unplanned_stops": 0
      },
      "duration": 0.123,
      "value": 1841.9036093736736
    },
    "run": {
      "duration": 0.123,
      "iterations": 50
    },
    "schema": "v1"
  },
  "version": {
    "sdk": "VERSION"
  }
}
