{
  "options": {
    "check": {
      "duration": 30000000000,
      "verbosity": "off"
    },
    "format": {
      "disable": {
        "progression": true
      }
    },
    "model": {
      "constraints": {
        "disable": {
          "attributes": false,
          "capacities": null,
          "capacity": false,
          "distance_limit": false,
          "groups": false,
          "maximum_duration": false,
          "maximum_stops": false,
          "maximum_wait_stop": false,
          "maximum_wait_vehicle": false,
          "mixing_items": false,
          "precedence": false,
          "start_time_windows": false,
          "vehicle_end_time": false,
          "vehicle_start_time": false
        },
        "enable": {
          "cluster": false
        }
      },
      "objectives": {
        "capacities": "",
        "cluster": 0,
        "early_arrival_penalty": 1,
        "late_arrival_penalty": 1,
        "min_stops": 1,
        "travel_duration": 0,
        "unplanned_penalty": 1,
        "vehicle_activation_penalty": 1,
        "vehicles_duration": 1
      },
      "properties": {
        "disable": {
          "duration_groups": false,
          "durations": false,
          "initial_solution": false,
          "stop_duration_multipliers": false
        }
      },
      "validate": {
        "disable": {
          "resources": false,
          "start_time": false
        },
        "enable": {
          "matrix": false,
          "matrix_asymmetry_tolerance": 20
        }
      }
    },
    "solve": {
      "duration": 10000000000,
      "iterations": 50,
      "parallel_runs": 1,
      "run_deterministically": true,
      "start_solutions": 1
    }
  },
  "solutions": [
    {
      "objective": {
        "name": "1 * vehicle_activation_penalty + 1 * vehicles_duration + 1 * unplanned_penalty + 1 * early_arrival_penalty + 1 * late_arrival_penalty",
        "objectives": [
          {
            "base": 4000,
            "factor": 1,
            "name": "vehicle_activation_penalty",
            "value": 4000
          },
          {
            "base": 34940.68098497391,
            "factor": 1,
            "name": "vehicles_duration",
            "value": 34940.68098497391
          },
          {
            "base": 1200000,
            "factor": 1,
            "name": "unplanned_penalty",
            "value": 1200000
          },
          {
            "factor": 1,
            "name": "early_arrival_penalty",
            "value": 0
          },
          {
            "base": 654102.3911765814,
            "factor": 1,
            "name": "late_arrival_penalty",
            "value": 654102.3911765814
          }
        ],
        "value": 1893043.0721615553
      },
      "unplanned": [
        {
          "id": "s10",
          "location": {
            "lat": 35.672955,
            "lon": -78.747955
          }
        },
        {
          "id": "s17",
          "location": {
            "lat": 35.67337,
            "lon": -78.76063
          }
        },
        {
          "id": "s24",
          "location": {
            "lat": 35.740605,
            "lon": -78.65521
          }
        },
        {
          "id": "s25",
          "location": {
            "lat": 35.887575,
            "lon": -78.92051
          }
        },
        {
          "id": "s26",
          "location": {
            "lat": 35.823865,
            "lon": -78.84058
          }
        },
        {
          "id": "s4",
          "location": {
            "lat": 35.77772,
            "lon": -78.505745
          }
        }
      ],
      "vehicles": [
        {
          "id": "vehicle-0",
          "route": [
            {
              "arrival_time": "2023-01-01T06:00:00-06:00",
              "cumulative_travel_duration": 0,
              "end_time": "2023-01-01T06:00:00-06:00",
              "start_time": "2023-01-01T06:00:00-06:00",
              "stop": {
                "id": "vehicle-0-start",
                "location": {
                  "lat": 35.791729813680874,
                  "lon": -78.7401685145487
                }
              },
              "travel_duration": 0
            },
            {
              "arrival_time": "2023-01-01T06:08:12-06:00",
              "cumulative_travel_distance": 4922,
              "cumulative_travel_duration": 492,
              "duration": 300,
              "end_time": "2023-01-01T06:13:12-06:00",
              "late_arrival_duration": 7692,
              "start_time": "2023-01-01T06:08:12-06:00",
              "stop": {
                "id": "s6",
                "location": {
                  "lat": 35.813025,
                  "lon": -78.788025
                }
              },
              "target_arrival_time": "2023-01-01T04:00:00-06:00",
              "travel_distance": 4922,
              "travel_duration": 492
            },
            {
              "arrival_time": "2023-01-01T06:24:16-06:00",
              "cumulative_travel_distance": 11560,
              "cumulative_travel_duration": 1156,
              "duration": 300,
              "end_time": "2023-01-01T06:29:16-06:00",
              "late_arrival_duration": 8656,
              "start_time": "2023-01-01T06:24:16-06:00",
              "stop": {
                "id": "s2",
                "location": {
                  "lat": 35.75712,
                  "lon": -78.813862
                }
              },
              "target_arrival_time": "2023-01-01T04:00:00-06:00",
              "travel_distance": 6638,
              "travel_duration": 663
            },
            {
              "arrival_time": "2023-01-01T06:44:52-06:00",
              "cumulative_travel_distance": 20923,
              "cumulative_travel_duration": 2092,
              "duration": 300,
              "end_time": "2023-01-01T06:49:52-06:00",
              "late_arrival_duration": 9892,
              "start_time": "2023-01-01T06:44:52-06:00",
              "stop": {
                "id": "s1",
                "location": {
                  "lat": 35.72389,
                  "lon": -78.90919
                }
              },
              "target_arrival_time": "2023-01-01T04:00:00-06:00",
              "travel_distance": 9363,
              "travel_duration": 936
            },
            {
              "arrival_time": "2023-01-01T07:09:58-06:00",
              "cumulative_travel_distance": 32986,
              "cumulative_travel_duration": 3298,
              "duration": 300,
              "end_time": "2023-01-01T07:14:58-06:00",
              "late_arrival_duration": 11398,
              "start_time": "2023-01-01T07:09:58-06:00",
              "stop": {
                "id": "s15",
                "location": {
                  "lat": 35.83202,
                  "lon": -78.89832
                }
              },
              "target_arrival_time": "2023-01-01T04:00:00-06:00",
              "travel_distance": 12063,
              "travel_duration": 1206
            },
            {
              "arrival_time": "2023-01-01T07:34:15-06:00",
              "cumulative_travel_distance": 44548,
              "cumulative_travel_duration": 4455,
              "duration": 300,
              "end_time": "2023-01-01T07:39:15-06:00",
              "late_arrival_duration": 12855,
              "start_time": "2023-01-01T07:34:15-06:00",
              "stop": {
                "id": "s3",
                "location": {
                  "lat": 35.932795,
                  "lon": -78.92996
                }
              },
              "target_arrival_time": "2023-01-01T04:00:00-06:00",
              "travel_distance": 11562,
              "travel_duration": 1156
            },
            {
              "arrival_time": "2023-01-01T07:55:26-06:00",
              "cumulative_travel_distance": 54261,
              "cumulative_travel_duration": 5426,
              "duration": 300,
              "end_time": "2023-01-01T08:00:26-06:00",
              "late_arrival_duration": 14126,
              "start_time": "2023-01-01T07:55:26-06:00",
              "stop": {
                "id": "s22",
                "location": {
                  "lat": 35.962635,
                  "lon": -78.828547
                }
              },
              "target_arrival_time": "2023-01-01T04:00:00-06:00",
              "travel_distance": 9713,
              "travel_duration": 971
            },
            {
              "arrival_time": "2023-01-01T08:44:34-06:00",
              "cumulative_travel_distance": 80738,
              "cumulative_travel_duration": 8074,
              "duration": 300,
              "end_time": "2023-01-01T08:49:34-06:00",
              "late_arrival_duration": 17074,
              "start_time": "2023-01-01T08:44:34-06:00",
              "stop": {
                "id": "s5",
                "location": {
                  "lat": 35.732995,
                  "lon": -78.75084
                }
              },
              "target_arrival_time": "2023-01-01T04:00:00-06:00",
              "travel_distance": 26477,
              "travel_duration": 2647
            },
            {
              "arrival_time": "2023-01-01T08:51:21-06:00",
              "cumulative_travel_distance": 81815,
              "cumulative_travel_duration": 8181,
              "duration": 300,
              "end_time": "2023-01-01T08:56:21-06:00",
              "late_arrival_duration": 17481,
              "start_time": "2023-01-01T08:51:21-06:00",
              "stop": {
                "id": "s7",
                "location": {
                  "lat": 35.74261,
                  "lon": -78.749391
                }
              },
              "target_arrival_time": "2023-01-01T04:00:00-06:00",
              "travel_distance": 1077,
              "travel_duration": 107
            },
            {
              "arrival_time": "2023-01-01T09:20:52-06:00",
              "cumulative_travel_distance": 96525,
              "cumulative_travel_duration": 9652,
              "duration": 300,
              "end_time": "2023-01-01T09:25:52-06:00",
              "late_arrival_duration": 19252,
              "start_time": "2023-01-01T09:20:52-06:00",
              "stop": {
                "id": "s16",
                "location": {
                  "lat": 35.83458,
                  "lon": -78.63216
                }
              },
              "target_arrival_time": "2023-01-01T04:00:00-06:00",
              "travel_distance": 14710,
              "travel_duration": 1471
            },
            {
              "arrival_time": "2023-01-01T09:29:57-06:00",
              "cumulative_travel_distance": 98967,
              "cumulative_travel_duration": 9897,
              "duration": 300,
              "end_time": "2023-01-01T09:34:57-06:00",
              "late_arrival_duration": 19797,
              "start_time": "2023-01-01T09:29:57-06:00",
              "stop": {
                "id": "s23",
                "location": {
                  "lat": 35.84616,
                  "lon": -78.60914
                }
              },
              "target_arrival_time": "2023-01-01T04:00:00-06:00",
              "travel_distance": 2442,
              "travel_duration": 244
            },
            {
              "arrival_time": "2023-01-01T09:57:04-06:00",
              "cumulative_travel_distance": 112241,
              "cumulative_travel_duration": 11224,
              "end_time": "2023-01-01T09:57:04-06:00",
              "start_time": "2023-01-01T09:57:04-06:00",
              "stop": {
                "id": "vehicle-0-end",
                "location": {
                  "lat": 35.791729813680874,
                  "lon": -78.7401685145487
                }
              },
              "travel_distance": 13274,
              "travel_duration": 1327
            }
          ],
          "route_duration": 14224,
          "route_stops_duration": 3000,
          "route_travel_distance": 112241,
          "route_travel_duration": 11224
        },
        {
          "id": "vehicle-1",
          "route": [
            {
              "arrival_time": "2023-01-01T10:00:00-06:00",
              "cumulative_travel_duration": 0,
              "end_time": "2023-01-01T10:00:00-06:00",
              "start_time": "2023-01-01T10:00:00-06:00",
              "stop": {
                "id": "vehicle-1-start",
                "location": {
                  "lat": 35.791729813680874,
                  "lon": -78.7401685145487
                }
              },
              "travel_duration": 0
            },
            {
              "arrival_time": "2023-01-01T10:14:40-06:00",
              "cumulative_travel_distance": 8801,
              "cumulative_travel_duration": 880,
              "duration": 300,
              "end_time": "2023-01-01T10:19:40-06:00",
              "late_arrival_duration": 22480,
              "start_time": "2023-01-01T10:14:40-06:00",
              "stop": {
                "id": "s11",
                "location": {
                  "lat": 35.77013,
                  "lon": -78.83403
                }
              },
              "target_arrival_time": "2023-01-01T04:00:00-06:00",
              "travel_distance": 8801,
              "travel_duration": 880
            },
            {
              "arrival_time": "2023-01-01T10:24:48-06:00",
              "cumulative_travel_distance": 11889,
              "cumulative_travel_duration": 1188,
              "duration": 300,
              "end_time": "2023-01-01T10:29:48-06:00",
              "late_arrival_duration": 23088,
              "start_time": "2023-01-01T10:24:48-06:00",
              "stop": {
                "id": "s12",
                "location": {
                  "lat": 35.782855,
                  "lon": -78.864465
                }
              },
              "target_arrival_time": "2023-01-01T04:00:00-06:00",
              "travel_distance": 3088,
              "travel_duration": 308
            },
            {
              "arrival_time": "2023-01-01T10:52:10-06:00",
              "cumulative_travel_distance": 25300,
              "cumulative_travel_duration": 2530,
              "duration": 300,
              "end_time": "2023-01-01T10:57:10-06:00",
              "late_arrival_duration": 24730,
              "start_time": "2023-01-01T10:52:10-06:00",
              "stop": {
                "id": "s13",
                "location": {
                  "lat": 35.88029,
                  "lon": -78.952142
                }
              },
              "target_arrival_time": "2023-01-01T04:00:00-06:00",
              "travel_distance": 13411,
              "travel_duration": 1341
            },
            {
              "arrival_time": "2023-01-01T11:15:43-06:00",
              "cumulative_travel_distance": 36431,
              "cumulative_travel_duration": 3643,
              "duration": 300,
              "end_time": "2023-01-01T11:20:43-06:00",
              "late_arrival_duration": 26143,
              "start_time": "2023-01-01T11:15:43-06:00",
              "stop": {
                "id": "s20",
                "location": {
                  "lat": 35.97414,
                  "lon": -78.995162
                }
              },
              "target_arrival_time": "2023-01-01T04:00:00-06:00",
              "travel_distance": 11131,
              "travel_duration": 1113
            },
            {
              "arrival_time": "2023-01-01T11:34:50-06:00",
              "cumulative_travel_distance": 44899,
              "cumulative_travel_duration": 4490,
              "duration": 300,
              "end_time": "2023-01-01T11:39:50-06:00",
              "late_arrival_duration": 27290,
              "start_time": "2023-01-01T11:34:50-06:00",
              "stop": {
                "id": "s18",
                "location": {
                  "lat": 36.009015,
                  "lon": -78.911485
                }
              },
              "target_arrival_time": "2023-01-01T04:00:00-06:00",
              "travel_distance": 8468,
              "travel_duration": 846
            },
            {
              "arrival_time": "2023-01-01T11:47:30-06:00",
              "cumulative_travel_distance": 49500,
              "cumulative_travel_duration": 4950,
              "duration": 300,
              "end_time": "2023-01-01T11:52:30-06:00",
              "late_arrival_duration": 28050,
              "start_time": "2023-01-01T11:47:30-06:00",
              "stop": {
                "id": "s8",
                "location": {
                  "lat": 36.039135,
                  "lon": -78.94658
                }
              },
              "target_arrival_time": "2023-01-01T04:00:00-06:00",
              "travel_distance": 4601,
              "travel_duration": 460
            },
            {
              "arrival_time": "2023-01-01T13:16:30-06:00",
              "cumulative_travel_distance": 99904,
              "cumulative_travel_duration": 9990,
              "duration": 300,
              "end_time": "2023-01-01T13:21:30-06:00",
              "late_arrival_duration": 33390,
              "start_time": "2023-01-01T13:16:30-06:00",
              "stop": {
                "id": "s21",
                "location": {
                  "lat": 35.7606,
                  "lon": -78.50509
                }
              },
              "target_arrival_time": "2023-01-01T04:00:00-06:00",
              "travel_distance": 50404,
              "travel_duration": 5040
            },
            {
              "arrival_time": "2023-01-01T13:58:53-06:00",
              "cumulative_travel_distance": 122330,
              "cumulative_travel_duration": 12233,
              "duration": 300,
              "end_time": "2023-01-01T14:03:53-06:00",
              "late_arrival_duration": 35933,
              "start_time": "2023-01-01T13:58:53-06:00",
              "stop": {
                "id": "s14",
                "location": {
                  "lat": 35.961465,
                  "lon": -78.52748
                }
              },
              "target_arrival_time": "2023-01-01T04:00:00-06:00",
              "travel_distance": 22426,
              "travel_duration": 2242
            },
            {
              "arrival_time": "2023-01-01T14:08:32-06:00",
              "cumulative_travel_distance": 125124,
              "cumulative_travel_duration": 12512,
              "duration": 300,
              "end_time": "2023-01-01T14:13:32-06:00",
              "late_arrival_duration": 36512,
              "start_time": "2023-01-01T14:08:32-06:00",
              "stop": {
                "id": "s19",
                "location": {
                  "lat": 35.93663,
                  "lon": -78.522705
                }
              },
              "target_arrival_time": "2023-01-01T04:00:00-06:00",
              "travel_distance": 2794,
              "travel_duration": 279
            },
            {
              "arrival_time": "2023-01-01T15:10:20-06:00",
              "cumulative_travel_distance": 159205,
              "cumulative_travel_duration": 15920,
              "duration": 300,
              "end_time": "2023-01-01T15:15:20-06:00",
              "late_arrival_duration": 40220,
              "start_time": "2023-01-01T15:10:20-06:00",
              "stop": {
                "id": "s9",
                "location": {
                  "lat": 35.64796,
                  "lon": -78.64972
                }
              },
              "target_arrival_time": "2023-01-01T04:00:00-06:00",
              "travel_distance": 34081,
              "travel_duration": 3408
            },
            {
              "arrival_time": "2023-01-01T15:45:16-06:00",
              "cumulative_travel_distance": 177156,
              "cumulative_travel_duration": 17716,
              "end_time": "2023-01-01T15:45:16-06:00",
              "start_time": "2023-01-01T15:45:16-06:00",
              "stop": {
                "id": "vehicle-1-end",
                "location": {
                  "lat": 35.791729813680874,
                  "lon": -78.7401685145487
                }
              },
              "travel_distance": 17951,
              "travel_duration": 1795
            }
          ],
          "route_duration": 20716,
          "route_stops_duration": 3000,
          "route_travel_distance": 177156,
          "route_travel_duration": 17716
        }
      ]
    }
  ],
  "statistics": {
    "result": {
      "custom": {
        "activated_vehicles": 2,
        "max_duration": 20716,
        "max_stops_in_vehicle": 10,
        "max_travel_duration": 17716,
        "min_duration": 14224,
        "min_stops_in_vehicle": 10,
        "min_travel_duration": 11224,
        "unplanned_stops": 6
      },
      "duration": 0.123,
      "value": 1893043.0721615553
    },
    "run": {
      "duration": 0.123,
      "iterations": 50
    },
    "schema": "v1"
  },
  "version": {
    "sdk": "VERSION"
  }
}
